// Jest Snapshot v1, https://goo.gl/fbAQLP

exports[`compareToReference Returns failure if HTTP status is not 200 1`] = `"Invalid status 404"`;

exports[`compareToReference Returns failure if result is not OK 1`] = `"Files mismatch with 1 pixels"`;
